<html>
<body>
<pre>
<h1>µVision Build Log</h1>
<h2>Tool Versions:</h2>
IDE-Version: ¦ÌVision V5.38.0.0
Copyright (C) 2022 ARM Ltd and ARM Germany GmbH. All rights reserved.
License Information: c l, BUPT, LIC=PE7DL-0QLW7-LQ80Q-NFKX4-6EJBN-ZEHA4
 
Tool Versions:
Toolchain:       MDK-ARM Plus  Version: 5.38.0.0
Toolchain Path:  C:\Keil_v5\ARM\ARMCLANG\Bin
C Compiler:      ArmClang.exe V6.19
Assembler:       Armasm.exe V6.19
Linker/Locator:  ArmLink.exe V6.19
Library Manager: ArmAr.exe V6.19
Hex Converter:   FromElf.exe V6.19
CPU DLL:         SARMCM3.DLL V5.38.0.0
Dialog DLL:      DCM.DLL V1.17.5.0
Target DLL:      STLink\ST-LINKIII-KEIL_SWO.dll V3.1.0.0
Dialog DLL:      TCM.DLL V1.56.4.0
 
<h2>Project:</h2>
C:\Users\lc\git\embedded_lab1_tft_lcd\MDK-ARM\tft_lcd.uvprojx
Project File Date:  12/11/2023

<h2>Output:</h2>
*** Using Compiler 'V6.19', folder: 'C:\Keil_v5\ARM\ARMCLANG\Bin'
Build target 'tft_lcd'
../Src/page.c(178): warning: incompatible pointer types passing 'char[20]' to parameter of type 'lv_obj_t *' (aka 'struct _lv_obj_t *') [-Wincompatible-pointer-types]
    lv_label_set_text_fmt("Error before: [%s]\n", cJSON_GetErrorPtr());
                          ^~~~~~~~~~~~~~~~~~~~~~
../lvgl/src/widgets/../widgets/lv_label.h(109): note: passing argument to parameter 'obj' here
void lv_label_set_text_fmt(lv_obj_t * obj, const char * fmt, ...) LV_FORMAT_ATTRIBUTE(2, 3);
                                      ^
../Src/page.c(178): warning: format string is not a string literal (potentially insecure) [-Wformat-security]
    lv_label_set_text_fmt("Error before: [%s]\n", cJSON_GetErrorPtr());
                                                  ^~~~~~~~~~~~~~~~~~~
../Src/page.c(178): note: treat the string as an argument to avoid this
    lv_label_set_text_fmt("Error before: [%s]\n", cJSON_GetErrorPtr());
                                                  ^
                                                  "%s", 
../Src/page.c(201): warning: format specifies type 'int *' but the argument has type 'int8_t *' (aka 'signed char *') [-Wformat]
      &weather_data_array[i].high_int);
      ^~~~~~~~~~~~~~~~~~~~~~~~~~~~~~~
../Src/page.c(204): warning: format specifies type 'int *' but the argument has type 'int8_t *' (aka 'signed char *') [-Wformat]
      &weather_data_array[i].low_int);
      ^~~~~~~~~~~~~~~~~~~~~~~~~~~~~~
4 warnings generated.
compiling page.c...
linking...
Program Size: Code=209592 RO-data=18448 RW-data=164 ZI-data=77556  
FromELF: creating hex file...
"tft_lcd\tft_lcd.axf" - 0 Error(s), 4 Warning(s).

<h2>Software Packages used:</h2>

Package Vendor: ARM
                http://www.keil.com/pack/ARM.CMSIS.5.9.0.pack
                ARM.CMSIS.5.9.0
                CMSIS (Common Microcontroller Software Interface Standard)
   * Component: CORE Version: 5.6.0

Package Vendor: Keil
                https://www.keil.com/pack/Keil.STM32F4xx_DFP.2.17.0.pack
                Keil.STM32F4xx_DFP.2.17.0
                STMicroelectronics STM32F4 Series Device Support, Drivers and Examples

<h2>Collection of Component include folders:</h2>
  ./RTE/_tft_lcd
  C:/Users/lc/AppData/Local/Arm/Packs/ARM/CMSIS/5.9.0/CMSIS/Core/Include
  C:/Users/lc/AppData/Local/Arm/Packs/Keil/STM32F4xx_DFP/2.17.0/Drivers/CMSIS/Device/ST/STM32F4xx/Include

<h2>Collection of Component Files used:</h2>

   * Component: ARM::CMSIS:CORE:5.6.0
Build Time Elapsed:  00:00:03
</pre>
</body>
</html>
